// Jest Snapshot v1, https://goo.gl/fbAQLP

exports[`Matches DOM Snapshot 1`] = `
<div
  className="app"
>
  <section
    className="app-main"
  >
    <h1>
      <a
        className="app-link"
        href="https://www.anapioficeandfire.com/"
        rel="noopener noreferrer"
        target="_blank"
      >
        Learn An API of Ice And Fire
      </a>
    </h1>
    <p>
      Loading books...
    </p>
  </section>
</div>
`;
